<html>
<body>
<pre>
<h1>µVision Build Log</h1>
<h2>Project:</h2>
D:\SHORT TERM BATCHES DETAILS\ST16ARM04\PROJECT CODES\Wireless device monitoring and control\DEVICE SIDE\main.uvproj
Project File Date:  07/18/2016

<h2>Output:</h2>
Build target 'Target 1'
assembling Startup.s...
compiling lcd.c...
compiling delay.c...
compiling uart0.c...
compiling main.c...
compiling adc.C...
linking...
Program Size: Code=7404 RO-data=32 RW-data=20 ZI-data=1300  
FromELF: creating hex file...
"main.axf" - 0 Error(s), 0 Warning(s).
Build target 'Target 1'
assembling Startup.s...
compiling lcd.c...
compiling delay.c...
compiling uart0.c...
compiling main.c...
compiling adc.C...
linking...
Program Size: Code=7412 RO-data=32 RW-data=20 ZI-data=1300  
FromELF: creating hex file...
"main.axf" - 0 Error(s), 0 Warning(s).
Build target 'Target 1'
compiling lcd.c...
linking...
Program Size: Code=7412 RO-data=32 RW-data=20 ZI-data=1300  
FromELF: creating hex file...
"main.axf" - 0 Error(s), 0 Warning(s).
Build target 'Target 1'
assembling Startup.s...
compiling lcd.c...
compiling delay.c...
compiling uart0.c...
compiling main.c...
compiling adc.C...
linking...
Program Size: Code=7412 RO-data=32 RW-data=20 ZI-data=1300  
FromELF: creating hex file...
"main.axf" - 0 Error(s), 0 Warning(s).
Build target 'Target 1'
assembling Startup.s...
compiling lcd.c...
compiling delay.c...
compiling uart0.c...
compiling main.c...
compiling adc.C...
linking...
Program Size: Code=7412 RO-data=32 RW-data=20 ZI-data=1300  
FromELF: creating hex file...
"main.axf" - 0 Error(s), 0 Warning(s).
