<html>
<body>
<pre>
<h1>µVision Build Log</h1>
<h2>Project:</h2>
D:\SHORT TERM BATCHES DETAILS\ST16ARM04\PROJECT CODES\Wireless device monitoring and control\USER SIDE\main.uvproj
Project File Date:  07/18/2016

<h2>Output:</h2>
Build target 'Target 1'
compiling main.c...
main.c(20): error:  #20: identifier "IODIR0" is undefined
main.c:         IODIR0 |= buzzer;
main.c:         ^
main.c(22): error:  #20: identifier "IOCLR0" is undefined
main.c:         IOCLR0 |= buzzer;    //buzzer off
main.c:         ^
main.c(109): error:  #20: identifier "fi" is undefined
main.c:                         for(fi=0;fi<5;fi++)
main.c:                             ^
main.c(111): error:  #20: identifier "IOSET0" is undefined
main.c:                                 IOSET0 = buzzer;
main.c:                                 ^
main.c: main.c: 0 warnings, 4 errors
Target not created
Build target 'Target 1'
compiling main.c...
main.c(20): error:  #20: identifier "IODIR0" is undefined
main.c:         IODIR0 |= buzzer;
main.c:         ^
main.c(22): error:  #20: identifier "IOCLR0" is undefined
main.c:         IOCLR0 |= buzzer;    //buzzer off
main.c:         ^
main.c(111): error:  #20: identifier "IOSET0" is undefined
main.c:                                 IOSET0 = buzzer;
main.c:                                 ^
main.c: main.c: 0 warnings, 3 errors
Target not created
Build target 'Target 1'
assembling Startup.s...
compiling lcd.c...
compiling delay.c...
compiling uart0.c...
compiling keypad.c...
compiling main.c...
linking...
Program Size: Code=6216 RO-data=32 RW-data=40 ZI-data=1312  
FromELF: creating hex file...
"main.axf" - 0 Error(s), 0 Warning(s).
Build target 'Target 1'
assembling Startup.s...
compiling lcd.c...
compiling delay.c...
compiling uart0.c...
compiling keypad.c...
compiling main.c...
linking...
Program Size: Code=6216 RO-data=32 RW-data=40 ZI-data=1312  
FromELF: creating hex file...
"main.axf" - 0 Error(s), 0 Warning(s).
Build target 'Target 1'
assembling Startup.s...
compiling lcd.c...
compiling delay.c...
compiling uart0.c...
compiling keypad.c...
compiling main.c...
linking...
Program Size: Code=6220 RO-data=32 RW-data=40 ZI-data=1312  
FromELF: creating hex file...
"main.axf" - 0 Error(s), 0 Warning(s).
Build target 'Target 1'
assembling Startup.s...
compiling lcd.c...
compiling delay.c...
compiling uart0.c...
compiling keypad.c...
compiling main.c...
linking...
Program Size: Code=6352 RO-data=32 RW-data=40 ZI-data=1312  
FromELF: creating hex file...
"main.axf" - 0 Error(s), 0 Warning(s).
Build target 'Target 1'
compiling main.c...
linking...
Program Size: Code=6372 RO-data=32 RW-data=40 ZI-data=1312  
FromELF: creating hex file...
"main.axf" - 0 Error(s), 0 Warning(s).
Build target 'Target 1'
assembling Startup.s...
compiling lcd.c...
compiling delay.c...
compiling uart0.c...
compiling keypad.c...
compiling main.c...
linking...
Program Size: Code=6372 RO-data=32 RW-data=40 ZI-data=1312  
FromELF: creating hex file...
"main.axf" - 0 Error(s), 0 Warning(s).
Build target 'Target 1'
assembling Startup.s...
compiling lcd.c...
compiling delay.c...
compiling uart0.c...
compiling keypad.c...
compiling main.c...
linking...
Program Size: Code=6364 RO-data=32 RW-data=40 ZI-data=1312  
FromELF: creating hex file...
"main.axf" - 0 Error(s), 0 Warning(s).
Build target 'Target 1'
assembling Startup.s...
compiling lcd.c...
compiling delay.c...
compiling uart0.c...
compiling keypad.c...
compiling main.c...
linking...
Program Size: Code=6420 RO-data=32 RW-data=40 ZI-data=1312  
FromELF: creating hex file...
"main.axf" - 0 Error(s), 0 Warning(s).
